// Jest Snapshot v1, https://goo.gl/fbAQLP

exports[`FullScreen matches the snapshot 1`] = `
<div
  data-testid="dialog"
/>
`;
